// Jest Snapshot v1, https://goo.gl/fbAQLP

exports[`eventCertificateBuilder checks snapshot 1`] = `
"<!DOCTYPE html PUBLIC \\"-//W3C//DTD XHTML 1.0 Strict//EN\\" \\"http://www.w3.org/TR/xhtml1/DTD/xhtml1-strict.dtd\\"><html lang=\\"en\\" xmlns=\\"http://www.w3.org/1999/xhtml\\"><head><meta http-equiv=\\"Content-Type\\" content=\\"text/html; charset=utf-8\\"/><meta name=\\"viewport\\" content=\\"width=device-width, initial-scale=1.0\\"/><title>You have completed an event</title><style type=\\"text/css\\">body {
	background-color: #F7F7F7;
	font-family: source-sans-pro, sans-serif;
}

#subHeaderWrapper {
	padding: 20px;
}

.innerHtmlStyles {
	margin-top: 10px;
}
.innerHtmlStyles p, .innerHtmlStyles ol, .innerHtmlStyles ul  {
	margin-top: 10px;
}

@media
only screen and (max-width: 600px),
(min-device-width: 600px) and (max-device-width: 1024px)  {

	/* Force table to not be like tables anymore */
	table, thead, tbody, th, td, tr {
		display: block;
	}

	.emailHeader td {
		width: 100%;
	}

	.emailHeader td img {
		margin-left: auto;
		margin-right: auto;
	} 

	.emailFooter {
		width: 100%;
		color: #F7F7F7;
		margin-right: auto;
		margin-left: auto;
		font-size: 10pt;
	}
	.emailFooter td {
		padding: 0px 10px 5px 10px;
		font-size: 10pt;
	}

	#subHeaderWrapper {
		width: 100%;
		padding: 0px;
	}

	.report td {
		/* Behave  like a &quot;row&quot; */
		border: none;
		border-bottom: 1px solid #eee;
    	position: relative;
    	text-align: center;
	}

	.report td:before {
		/* Now like a table header */
		position: absolute;
		/* Top/left values mimic padding */
		top: 6px;
		left: 6px;
		width: 45%;
		padding-right: 10px;
		white-space: nowrap;
	}
	
	.customButton:hover {
		color:black;
		
	}


/*End of media query*/
}</style></head><body style=\\"width:100%;margin:0;padding:0;-webkit-text-size-adjust:100%;-ms-text-size-adjust:100%\\"><table width=\\"100%\\" height=\\"100%\\" cellPadding=\\"0\\" cellSpacing=\\"0\\" border=\\"0\\" align=\\"left\\" valign=\\"top\\"><tbody><tr><td align=\\"center\\" valign=\\"top\\"><table width=\\"600\\" align=\\"center\\" cellPadding=\\"0\\" cellSpacing=\\"0\\" border=\\"0\\" valign=\\"top\\"><tbody><table class=\\"emailHeader\\" align=\\"center\\" width=\\"100%\\" style=\\"background-color:#F7F7F7\\" cellPadding=\\"0\\" cellSpacing=\\"0\\" border=\\"0\\" valign=\\"top\\"><tbody><tr><td align=\\"center\\"><table align=\\"center\\" cellSpacing=\\"0\\" style=\\"padding:15px;max-width:584px;margin-top:25px;margin-bottom:20px\\"><tr align=\\"center\\"><td width=\\"292px\\"><img alt=\\"logo\\" src=\\"https://assets.prolaera.com/prolaeraLogo_fullText.png\\" width=\\"199.00305623471883\\" height=\\"47\\" style=\\"display:block;outline:none;border:none;text-decoration:none\\"/></td></tr></table></td></tr></tbody></table><div id=\\"subHeaderWrapper\\" style=\\"display:block;margin-left:auto;margin-right:auto;margin-top:20px;margin-bottom:20px;max-width:500px;font-family:Arial, sans-serif;border-radius:5px;background-color:white\\"><table class=\\"subHeader\\" align=\\"center\\" width=\\"100%\\" cellPadding=\\"0\\" cellSpacing=\\"0\\" border=\\"0\\" valign=\\"top\\"><tbody><tr><td><table id=\\"subHeaderTable\\" style=\\"text-align:center;margin-left:auto;margin-right:auto\\"><tr><td><p style=\\"color:gray;font-style:italic;margin-bottom:5px\\">You have received a</p></td></tr><tr><td><h2 style=\\"font-size:35px;margin-top:0px;margin-bottom:5px\\">Certificate</h2></td></tr><tr><td><p></p><div><p>Congratulations John! You&#x27;ve been issued a new certificate of completion. Please take a few moments to complete an evaluation to help us improve by clicking the Complete Evaluation button below.</p></div></td></tr></table></td></tr></tbody></table></div><div style=\\"display:block;margin-left:auto;margin-right:auto;margin-bottom:20px;text-align:center;border-radius:5px;max-width:500px;padding:20px;font-family:Arial, sans-serif;background-color:white\\"><table align=\\"center\\" width=\\"100%\\" cellPadding=\\"0\\" cellSpacing=\\"0\\" border=\\"0\\" valign=\\"top\\"><tbody><tr><td><div style=\\"max-width:300px;margin-left:auto;margin-right:auto;border:1px solid lightgray;border-radius:8px;background:linear-gradient(to bottom right, #ffd11a, #fff0b3, #ffd633);box-shadow:1px 1px 8px darkgray\\"><h3 style=\\"margin-bottom:5px\\">ASC 606 Update Training</h3><h6 style=\\"margin-top:0px\\">July 18, 2018 - July 19, 2018</h6></div></td></tr><tr><td><p></p></td></tr><tr><td><div class=\\"customButton\\" align=\\"center\\" style=\\"max-width:100%;text-align:center;padding:20px 0px 20px 0px\\"><a href=\\"https://files.prolaera.com.s3-us-west-2.amazonaws.com/companies/57/users/0d0f34ac-7ce3-41a4-9231-5cf8b52a5ed5/certificates/0002bd45-0575-4856-b09e-59c8c54c5e20.pdf\\" style=\\"width:200px;padding:14px 14px 14px 14px;color:white;text-decoration:none;border-radius:3px\\">View Certificate</a></div><hr style=\\"width:45px\\"/><div class=\\"customButton\\" align=\\"center\\" style=\\"max-width:100%;text-align:center;padding:20px 0px 20px 0px\\"><a href=\\"https://app.prolaera.com/#/users/0d0f34ac-7ce3-41a4-9231-5cf8b52a5ed5/events/d342572d-e149-48fa-83c5-e2730bbb1b76/review\\" style=\\"width:200px;padding:14px 14px 14px 14px;color:white;text-decoration:none;border-radius:3px\\">Complete Evaluation</a></div></td></tr></tbody></table></div><div style=\\"display:block;margin-left:auto;margin-right:auto;margin-bottom:20px;text-align:center;border-radius:5px;max-width:500px;padding:20px;font-family:Arial, sans-serif;background-color:white\\"><table class=\\"eventInfo\\" align=\\"center\\" width=\\"100%\\" cellPadding=\\"0\\" cellSpacing=\\"0\\" border=\\"0\\" valign=\\"top\\"><tbody><tr><td align=\\"left\\"><h3 align=\\"center\\" style=\\"margin-top:0px\\">Event Information:</h3><h4 align=\\"center\\"><em>ASC 606 Update Training (Group-Live)</em></h4></td></tr><tr><td align=\\"left\\"><div style=\\"padding-left:30px\\"><h4>Start Time: <span style=\\"font-weight:normal\\">July 18, 2018</span></h4><h4>End Time: <span style=\\"font-weight:normal\\">July 19, 2018</span></h4><h4 style=\\"margin-bottom:0px\\">Recommended CPE Credit(s):</h4><ul style=\\"margin-top:10px\\"><li style=\\"padding:5px\\">Accounting - 2 Hour(s)</li></ul><h4>Location:<a href=\\"https://www.google.com/maps/place/111 S Jackson St\\"><span style=\\"font-weight:normal\\">111 S Jackson St</span></a></h4><h4>Delivery Method: <span style=\\"font-weight:normal\\">Group-Live</span></h4><h4>Price: <span style=\\"font-weight:normal\\">$0.00</span></h4><h4>Target Audience: <span style=\\"font-weight:normal\\">CPAs</span></h4><h4 style=\\"margin-bottom:0px\\">Prep:</h4><div class=\\"innerHtmlStyles\\"><p>None</p></div><h4 style=\\"margin-bottom:0px\\">Prerequisites:</h4><div class=\\"innerHtmlStyles\\"><p>&nbsp;None&nbsp;<br></p></div><h4>Level: <span style=\\"font-weight:normal\\">Basic</span></h4><h4 style=\\"margin-bottom:0px\\">Learning Objectives:</h4><div class=\\"innerHtmlStyles\\"><ol><li>One</li><li>Two</li><li>Three</li></ol></div><h4 style=\\"margin-bottom:0px\\">Summary:</h4><div class=\\"innerHtmlStyles\\">This is a course summary.</div></div></td></tr><tr><td align=\\"center\\"><div><span class=\\"buttonSpan\\"></span></div></td></tr></tbody></table></div><table class=\\"emailFooter\\" align=\\"center\\" width=\\"540px\\" cellSpacing=\\"20\\" style=\\"background-color:#333333\\" cellPadding=\\"0\\" border=\\"0\\" valign=\\"top\\"><tbody><tr><td><td style=\\"float:left\\"><span style=\\"font-family:source-sans-pro, sans-serif;font-size:10pt;font-weight:100;line-height:14px;color:#F7F7F7;letter-spacing:1pt;float:left;padding:10px 5px 5px 0px\\">Powered By</span><img alt=\\"react\\" src=\\"https://gallery.mailchimp.com/eb930e30a15249a18d658c183/images/196fa069-3113-464c-a304-a1aa9f99fe22.png\\" width=\\"100\\" height=\\"23\\" style=\\"display:block;outline:none;border:none;text-decoration:none;padding-top:5px\\"/></td><td style=\\"font-family:source-sans-pro, sans-serif;color:#F7F7F7;font-size:10pt;font-weight:100;letter-spacing:1pt;text-align:right;padding-top:10px;padding-right:10px;padding-bottom:10px\\">Â© Prolaera 2018</td></td></tr></tbody></table></tbody></table></td></tr></tbody></table></body></html>"
`;
